BL51 BANKED LINKER/LOCATER V6.22                                                        04/04/2022  13:03:53  PAGE 1


BL51 BANKED LINKER/LOCATER V6.22, INVOKED BY:
D:\KEIL4\C51\BIN\BL51.EXE iic.obj, main.obj, key.obj TO ²ÊµÆ¿ØÖÆÆ÷-Áõ¼Ñ²¨ RAMSIZE (256)


MEMORY MODEL: SMALL


INPUT MODULES INCLUDED:
  iic.obj (IIC)
  main.obj (MAIN)
  key.obj (KEY)
  D:\KEIL4\C51\LIB\C51S.LIB (?C_STARTUP)
  D:\KEIL4\C51\LIB\C51S.LIB (?C?UIDIV)
  D:\KEIL4\C51\LIB\C51S.LIB (?C_INIT)


LINK MAP OF MODULE:  ²ÊµÆ¿ØÖÆÆ÷-Áõ¼Ñ²¨ (IIC)


            TYPE    BASE      LENGTH    RELOCATION   SEGMENT NAME
            -----------------------------------------------------

            * * * * * * *   D A T A   M E M O R Y   * * * * * * *
            REG     0000H     0008H     ABSOLUTE     "REG BANK 0"
            DATA    0008H     0002H     UNIT         ?DT?KEY
                    000AH     0016H                  *** GAP ***
            BIT     0020H.0   0001H.2   UNIT         ?BI?MAIN
            BIT     0021H.2   0000H.1   UNIT         _BIT_GROUP_
                    0021H.3   0000H.5                *** GAP ***
            DATA    0022H     0056H     UNIT         ?DT?MAIN
            IDATA   0078H     0001H     UNIT         ?STACK

            * * * * * * *   C O D E   M E M O R Y   * * * * * * *
            CODE    0000H     0003H     ABSOLUTE     
                    0003H     0008H                  *** GAP ***
            CODE    000BH     0003H     ABSOLUTE     
            CODE    000EH     01F3H     UNIT         ?PR?TABLE_CONVERT?MAIN
            CODE    0201H     01B7H     UNIT         ?PR?KEYPROC?KEY
            CODE    03B8H     010AH     UNIT         ?PR?LEDWORKING?MAIN
            CODE    04C2H     00B2H     UNIT         ?PR?TIMER0ISR?MAIN
            CODE    0574H     008CH     UNIT         ?C_C51STARTUP
            CODE    0600H     0064H     UNIT         ?PR?MAIN?MAIN
            CODE    0664H     0059H     UNIT         ?PR?INITSYSTEM?MAIN
            CODE    06BDH     0059H     UNIT         ?C_INITSEG
            CODE    0716H     0055H     UNIT         ?C?LIB_CODE
            CODE    076BH     003CH     UNIT         ?PR?_HC573?MAIN
            CODE    07A7H     0035H     UNIT         ?PR?_READ_8591_CHANNEL?IIC
            CODE    07DCH     0033H     UNIT         ?PR?DISPLAY?MAIN
            CODE    080FH     002CH     UNIT         ?PR?_IIC_SENDBYTE?IIC
            CODE    083BH     0023H     UNIT         ?PR?_READ_BYTE_AT24C02?IIC
            CODE    085EH     001DH     UNIT         ?PR?IIC_RECBYTE?IIC
            CODE    087BH     001AH     UNIT         ?PR?_WRITE_BYTE_AT24C02?IIC
            CODE    0895H     0019H     UNIT         ?PR?IIC_WAITACK?IIC
            CODE    08AEH     0017H     UNIT         ?PR?IIC_SENDACK?IIC
            CODE    08C5H     0015H     UNIT         ?PR?TIMER0INIT?MAIN
            CODE    08DAH     000FH     UNIT         ?PR?IIC_START?IIC
            CODE    08E9H     000CH     UNIT         ?PR?_IIC_DELAY?IIC
            CODE    08F5H     000CH     UNIT         ?PR?IIC_STOP?IIC
BL51 BANKED LINKER/LOCATER V6.22                                                      04/04/2022  13:03:53  PAGE 2


            CODE    0901H     000CH     UNIT         ?PR?KEYSCANF?KEY
            CODE    090DH     0009H     UNIT         ?PR?DELAY10MS?MAIN



OVERLAY MAP OF MODULE:   ²ÊµÆ¿ØÖÆÆ÷-Áõ¼Ñ²¨ (IIC)


SEGMENT                                BIT_GROUP 
  +--> CALLED SEGMENT               START    LENGTH
---------------------------------------------------
?PR?TIMER0ISR?MAIN                  -----    -----
  +--> ?PR?DISPLAY?MAIN

?PR?DISPLAY?MAIN                    -----    -----
  +--> ?PR?_HC573?MAIN

*** NEW ROOT ***************************************************

?C_C51STARTUP                       -----    -----
  +--> ?PR?MAIN?MAIN
  +--> ?C_INITSEG

?PR?MAIN?MAIN                       -----    -----
  +--> ?PR?INITSYSTEM?MAIN
  +--> ?PR?_READ_8591_CHANNEL?IIC
  +--> ?PR?LEDWORKING?MAIN
  +--> ?PR?KEYPROC?KEY
  +--> ?PR?TABLE_CONVERT?MAIN

?PR?INITSYSTEM?MAIN                 -----    -----
  +--> ?PR?_HC573?MAIN
  +--> ?PR?TIMER0INIT?MAIN
  +--> ?PR?_READ_BYTE_AT24C02?IIC
  +--> ?PR?DELAY10MS?MAIN

?PR?_READ_BYTE_AT24C02?IIC          -----    -----
  +--> ?PR?IIC_WAITACK?IIC
  +--> ?PR?_IIC_SENDBYTE?IIC
  +--> ?PR?IIC_START?IIC
  +--> ?PR?IIC_RECBYTE?IIC
  +--> ?PR?IIC_STOP?IIC

?PR?IIC_WAITACK?IIC                 0021H.2  0000H.1
  +--> ?PR?IIC_START?IIC
  +--> ?PR?_IIC_SENDBYTE?IIC
  +--> ?PR?_IIC_DELAY?IIC

?PR?IIC_START?IIC                   -----    -----
  +--> ?PR?_IIC_DELAY?IIC

?PR?_IIC_SENDBYTE?IIC               -----    -----
  +--> ?PR?_IIC_DELAY?IIC

?PR?IIC_RECBYTE?IIC                 -----    -----
  +--> ?PR?_IIC_DELAY?IIC

BL51 BANKED LINKER/LOCATER V6.22                                                      04/04/2022  13:03:53  PAGE 3


?PR?IIC_STOP?IIC                    -----    -----
  +--> ?PR?_IIC_DELAY?IIC

?PR?_READ_8591_CHANNEL?IIC          -----    -----
  +--> ?PR?IIC_START?IIC
  +--> ?PR?_IIC_SENDBYTE?IIC
  +--> ?PR?IIC_WAITACK?IIC
  +--> ?PR?IIC_RECBYTE?IIC
  +--> ?PR?IIC_SENDACK?IIC
  +--> ?PR?IIC_STOP?IIC

?PR?IIC_SENDACK?IIC                 0021H.2  0000H.1
  +--> ?PR?_IIC_DELAY?IIC

?PR?LEDWORKING?MAIN                 -----    -----
  +--> ?PR?_HC573?MAIN

?PR?KEYPROC?KEY                     -----    -----
  +--> ?PR?KEYSCANF?KEY
  +--> ?PR?_WRITE_BYTE_AT24C02?IIC

?PR?_WRITE_BYTE_AT24C02?IIC         -----    -----
  +--> ?PR?IIC_WAITACK?IIC
  +--> ?PR?_IIC_SENDBYTE?IIC
  +--> ?PR?IIC_STOP?IIC

?PR?TABLE_CONVERT?MAIN              -----    -----
  +--> ?PR?_HC573?MAIN



SYMBOL TABLE OF MODULE:  ²ÊµÆ¿ØÖÆÆ÷-Áõ¼Ñ²¨ (IIC)

  VALUE           TYPE          NAME
  ----------------------------------

  -------         MODULE        IIC
  C:0000H         SYMBOL        _ICE_DUMMY_
  D:0090H         PUBLIC        P1
  D:00A0H         PUBLIC        P2
  D:00B0H         PUBLIC        P3
  D:00A8H         PUBLIC        IE
  C:07A7H         PUBLIC        _read_8591_channel
  C:083BH         PUBLIC        _read_byte_at24c02
  D:00B8H         PUBLIC        IP
  C:08EDH         PUBLIC        _IIC_Delay
  C:087BH         PUBLIC        _write_byte_at24c02
  D:0098H         PUBLIC        SCON
  D:0088H         PUBLIC        TCON
  C:08DAH         PUBLIC        IIC_Start
  C:08AEH         PUBLIC        IIC_SendAck
  B:00A0H.1       PUBLIC        SDA
  C:080FH         PUBLIC        _IIC_SendByte
  C:089DH         PUBLIC        IIC_WaitAck
  C:08F5H         PUBLIC        IIC_Stop
  B:00A0H.0       PUBLIC        SCL
  D:00C8H         PUBLIC        T2CON
BL51 BANKED LINKER/LOCATER V6.22                                                      04/04/2022  13:03:53  PAGE 4


  C:085EH         PUBLIC        IIC_RecByte
  D:00D0H         PUBLIC        PSW
  C:08E9H         SYMBOL        L?0025
  -------         PROC          L?0024
  -------         ENDPROC       L?0024
  C:08E9H         SYMBOL        L?0025
  -------         PROC          _IIC_DELAY
  D:0007H         SYMBOL        i
  C:08EDH         LINE#         21
  C:08EDH         LINE#         22
  C:08EDH         LINE#         23
  C:08EEH         LINE#         24
  C:08F4H         LINE#         25
  -------         ENDPROC       _IIC_DELAY
  -------         PROC          IIC_START
  C:08DAH         LINE#         27
  C:08DAH         LINE#         28
  C:08DAH         LINE#         29
  C:08DCH         LINE#         30
  C:08DCH         LINE#         31
  C:08DFH         LINE#         32
  C:08E1H         LINE#         33
  C:08E6H         LINE#         34
  C:08E8H         LINE#         35
  -------         ENDPROC       IIC_START
  -------         PROC          IIC_STOP
  C:08F5H         LINE#         38
  C:08F5H         LINE#         39
  C:08F5H         LINE#         40
  C:08F7H         LINE#         41
  C:08F7H         LINE#         42
  C:08FAH         LINE#         43
  C:08FCH         LINE#         44
  -------         ENDPROC       IIC_STOP
  -------         PROC          IIC_SENDACK
  B:0021H.2       SYMBOL        ackbit
  C:08AEH         LINE#         48
  C:08AEH         LINE#         49
  C:08AEH         LINE#         50
  C:08B0H         LINE#         51
  C:08B4H         LINE#         52
  C:08B9H         LINE#         53
  C:08B9H         LINE#         54
  C:08BCH         LINE#         55
  C:08BEH         LINE#         56
  C:08C0H         LINE#         57
  -------         ENDPROC       IIC_SENDACK
  -------         PROC          L?0023
  -------         ENDPROC       L?0023
  -------         PROC          IIC_WAITACK
  -------         DO            
  B:0021H.2       SYMBOL        ackbit
  -------         ENDDO         
  C:089DH         LINE#         61
  C:089DH         LINE#         62
  C:089DH         LINE#         65
  C:089DH         LINE#         66
BL51 BANKED LINKER/LOCATER V6.22                                                      04/04/2022  13:03:53  PAGE 5


  C:08A0H         LINE#         67
  C:08A4H         LINE#         68
  C:08A6H         LINE#         69
  C:08ABH         LINE#         70
  C:08ADH         LINE#         71
  -------         ENDPROC       IIC_WAITACK
  -------         PROC          _IIC_SENDBYTE
  D:0005H         SYMBOL        byt
  -------         DO            
  D:0004H         SYMBOL        i
  -------         ENDDO         
  C:080FH         LINE#         74
  C:0811H         LINE#         75
  C:0811H         LINE#         78
  C:0813H         LINE#         79
  C:0813H         LINE#         80
  C:0815H         LINE#         81
  C:081AH         LINE#         82
  C:0822H         LINE#         83
  C:0824H         LINE#         84
  C:0829H         LINE#         85
  C:082BH         LINE#         86
  C:082FH         LINE#         87
  C:0834H         LINE#         88
  C:0838H         LINE#         89
  C:083AH         LINE#         90
  -------         ENDPROC       _IIC_SENDBYTE
  -------         PROC          IIC_RECBYTE
  -------         DO            
  D:0004H         SYMBOL        i
  D:0005H         SYMBOL        da
  -------         ENDDO         
  C:085EH         LINE#         93
  C:085EH         LINE#         94
  C:085EH         LINE#         96
  C:0860H         LINE#         97
  C:0860H         LINE#         98
  C:0860H         LINE#         99
  C:0863H         LINE#         100
  C:0867H         LINE#         101
  C:086DH         LINE#         102
  C:086FH         LINE#         103
  C:0874H         LINE#         104
  C:0878H         LINE#         105
  C:087AH         LINE#         106
  -------         ENDPROC       IIC_RECBYTE
  -------         PROC          _READ_8591_CHANNEL
  D:0003H         SYMBOL        channel_n
  C:07A7H         LINE#         123
  C:07A9H         LINE#         124
  C:07A9H         LINE#         125
  C:07ACH         LINE#         126
  C:07B1H         LINE#         127
  C:07B4H         LINE#         129
  C:07B9H         LINE#         130
  C:07BCH         LINE#         132
  C:07BFH         LINE#         133
BL51 BANKED LINKER/LOCATER V6.22                                                      04/04/2022  13:03:53  PAGE 6


  C:07C4H         LINE#         134
  C:07C7H         LINE#         136
  C:07CCH         LINE#         137
  C:07D1H         LINE#         138
  C:07D6H         LINE#         140
  C:07D9H         LINE#         142
  C:07DBH         LINE#         143
  -------         ENDPROC       _READ_8591_CHANNEL
  -------         PROC          _WRITE_BYTE_AT24C02
  D:0002H         SYMBOL        adrr
  D:0003H         SYMBOL        dat
  C:087BH         LINE#         146
  C:087FH         LINE#         147
  C:087FH         LINE#         148
  C:087FH         LINE#         149
  C:087FH         LINE#         150
  C:0882H         LINE#         152
  C:0887H         LINE#         153
  C:088AH         LINE#         155
  C:088FH         LINE#         156
  C:0892H         LINE#         158
  -------         ENDPROC       _WRITE_BYTE_AT24C02
  -------         PROC          _READ_BYTE_AT24C02
  D:0003H         SYMBOL        adrr
  -------         DO            
  D:0005H         SYMBOL        temp
  -------         ENDDO         
  C:083BH         LINE#         162
  C:083DH         LINE#         163
  C:083DH         LINE#         166
  C:083DH         LINE#         167
  C:083DH         LINE#         168
  C:0840H         LINE#         170
  C:0845H         LINE#         171
  C:0848H         LINE#         173
  C:084BH         LINE#         174
  C:0850H         LINE#         175
  C:0853H         LINE#         177
  C:0858H         LINE#         179
  C:085BH         LINE#         181
  C:085DH         LINE#         182
  -------         ENDPROC       _READ_BYTE_AT24C02
  -------         ENDMOD        IIC

  -------         MODULE        MAIN
  C:0000H         SYMBOL        _ICE_DUMMY_
  D:0080H         PUBLIC        P0
  D:0090H         PUBLIC        P1
  D:00A0H         PUBLIC        P2
  D:00B0H         PUBLIC        P3
  C:04C2H         PUBLIC        Timer0isr
  B:00A8H.7       PUBLIC        EA
  B:0020H.0       PUBLIC        flash_flag
  D:00A8H         PUBLIC        IE
  D:00B8H         PUBLIC        IP
  D:0029H         SYMBOL        flash_count
  B:0020H.1       PUBLIC        s6_flag
BL51 BANKED LINKER/LOCATER V6.22                                                      04/04/2022  13:03:53  PAGE 7


  C:0600H         PUBLIC        main
  D:002BH         PUBLIC        dac
  C:0772H         PUBLIC        _HC573
  D:002CH         SYMBOL        count
  B:0020H.2       PUBLIC        time_flag
  B:0020H.3       PUBLIC        open_flag
  D:002EH         PUBLIC        s6_mode
  D:002FH         PUBLIC        time
  B:0020H.4       PUBLIC        led_flag
  D:0098H         PUBLIC        SCON
  C:090DH         PUBLIC        Delay10ms
  D:0089H         PUBLIC        TMOD
  D:0088H         PUBLIC        TCON
  D:0031H         PUBLIC        table1
  D:0039H         PUBLIC        table2
  D:008EH         PUBLIC        AUXR
  B:0020H.5       PUBLIC        ad_flag
  B:0020H.6       PUBLIC        key_flag
  B:0020H.7       PUBLIC        turn_flag
  B:00A8H.1       PUBLIC        ET0
  B:0088H.5       PUBLIC        TF0
  C:08C5H         PUBLIC        Timer0Init
  D:008CH         PUBLIC        TH0
  D:0041H         PUBLIC        work_mode
  D:008AH         PUBLIC        TL0
  B:0021H.0       PUBLIC        pwm_flag
  D:0042H         PUBLIC        smg_duan
  D:004CH         PUBLIC        pwm
  B:0088H.4       PUBLIC        TR0
  D:004DH         PUBLIC        key_count
  B:0021H.1       PUBLIC        pwm_buff
  C:03B8H         PUBLIC        LEDworking
  D:004EH         PUBLIC        work_mode_1
  D:0056H         PUBLIC        work_mode_2
  C:0664H         PUBLIC        initsystem
  D:005EH         PUBLIC        work_mode_3
  D:0062H         PUBLIC        work_mode_4
  D:0066H         SYMBOL        pwm_count
  D:00C8H         PUBLIC        T2CON
  D:0068H         PUBLIC        smg_wei
  C:000EH         PUBLIC        table_convert
  D:0070H         PUBLIC        time_f
  C:07DCH         PUBLIC        display
  D:00D0H         PUBLIC        PSW
  -------         PROC          MAIN
  C:0600H         LINE#         35
  C:0600H         LINE#         36
  C:0600H         LINE#         37
  C:0603H         LINE#         38
  C:0603H         LINE#         39
  C:0603H         LINE#         40
  C:0605H         LINE#         41
  C:060CH         LINE#         42
  C:060EH         LINE#         43
  C:0610H         LINE#         44
  C:061CH         LINE#         46
  C:062EH         LINE#         48
BL51 BANKED LINKER/LOCATER V6.22                                                      04/04/2022  13:03:53  PAGE 8


  C:0640H         LINE#         50
  C:0650H         LINE#         51
  C:0652H         LINE#         52
  C:0655H         LINE#         53
  C:0657H         LINE#         54
  C:065FH         LINE#         55
  C:0662H         LINE#         56
  -------         ENDPROC       MAIN
  -------         PROC          TIMER0ISR
  C:04C2H         LINE#         59
  C:04DFH         LINE#         61
  C:04EBH         LINE#         62
  C:04FCH         LINE#         63
  C:04FCH         LINE#         64
  C:0502H         LINE#         65
  C:0504H         LINE#         67
  C:0504H         LINE#         69
  C:0522H         LINE#         70
  C:0522H         LINE#         71
  C:0524H         LINE#         72
  C:052AH         LINE#         73
  C:052AH         LINE#         75
  C:0538H         LINE#         76
  C:0538H         LINE#         78
  C:053CH         LINE#         79
  C:053CH         LINE#         81
  C:054BH         LINE#         82
  C:0556H         LINE#         83
  C:0559H         LINE#         84
  -------         ENDPROC       TIMER0ISR
  -------         PROC          INITSYSTEM
  C:0664H         LINE#         88
  C:0664H         LINE#         89
  C:0664H         LINE#         90
  C:066BH         LINE#         91
  C:0672H         LINE#         92
  C:0675H         LINE#         93
  C:0684H         LINE#         94
  C:0687H         LINE#         95
  C:0696H         LINE#         96
  C:0699H         LINE#         97
  C:06A8H         LINE#         98
  C:06ABH         LINE#         99
  C:06BAH         LINE#         100
  -------         ENDPROC       INITSYSTEM
  -------         PROC          LEDWORKING
  -------         DO            
  D:0022H         SYMBOL        a
  D:0024H         SYMBOL        b
  D:0026H         SYMBOL        count_led
  -------         ENDDO         
  C:03B8H         LINE#         103
  C:03B8H         LINE#         104
  C:03B8H         LINE#         109
  C:03BEH         LINE#         110
  C:03BEH         LINE#         111
  C:03C4H         LINE#         112
BL51 BANKED LINKER/LOCATER V6.22                                                      04/04/2022  13:03:53  PAGE 9


  C:03C4H         LINE#         113
  C:03CDH         LINE#         114
  C:03D0H         LINE#         115
  C:03D0H         LINE#         116
  C:03E0H         LINE#         117
  C:03E2H         LINE#         118
  C:03E2H         LINE#         119
  C:03E2H         LINE#         121
  C:03E8H         LINE#         122
  C:03E8H         LINE#         123
  C:03F1H         LINE#         124
  C:03F4H         LINE#         125
  C:03F4H         LINE#         126
  C:0404H         LINE#         127
  C:0406H         LINE#         128
  C:0406H         LINE#         129
  C:0406H         LINE#         131
  C:040CH         LINE#         132
  C:040CH         LINE#         133
  C:040FH         LINE#         134
  C:040FH         LINE#         135
  C:0411H         LINE#         136
  C:0424H         LINE#         137
  C:0424H         LINE#         138
  C:0433H         LINE#         139
  C:0442H         LINE#         140
  C:0451H         LINE#         141
  C:0460H         LINE#         142
  C:0460H         LINE#         144
  C:0466H         LINE#         145
  C:0466H         LINE#         146
  C:0469H         LINE#         147
  C:0469H         LINE#         148
  C:046BH         LINE#         149
  C:047EH         LINE#         150
  C:047EH         LINE#         151
  C:048DH         LINE#         152
  C:049CH         LINE#         153
  C:04ABH         LINE#         154
  C:04B5H         LINE#         155
  C:04B5H         LINE#         156
  C:04B7H         LINE#         157
  C:04C1H         LINE#         158
  -------         ENDPROC       LEDWORKING
  -------         PROC          DISPLAY
  -------         DO            
  D:0028H         SYMBOL        i
  -------         ENDDO         
  C:07DCH         LINE#         160
  C:07DCH         LINE#         161
  C:07DCH         LINE#         163
  C:07E3H         LINE#         164
  C:07EFH         LINE#         165
  C:07F7H         LINE#         166
  C:0802H         LINE#         167
  C:0804H         LINE#         168
  C:080EH         LINE#         169
BL51 BANKED LINKER/LOCATER V6.22                                                      04/04/2022  13:03:53  PAGE 10


  -------         ENDPROC       DISPLAY
  -------         PROC          TABLE_CONVERT
  C:000EH         LINE#         171
  C:000EH         LINE#         172
  C:000EH         LINE#         173
  C:001DH         LINE#         174
  C:001DH         LINE#         175
  C:003AH         LINE#         176
  C:0053H         LINE#         177
  C:0077H         LINE#         178
  C:0089H         LINE#         179
  C:008CH         LINE#         180
  C:008FH         LINE#         181
  C:0097H         LINE#         182
  C:009AH         LINE#         183
  C:009AH         LINE#         184
  C:00A6H         LINE#         185
  C:00A6H         LINE#         186
  C:00C3H         LINE#         187
  C:00DCH         LINE#         188
  C:0100H         LINE#         189
  C:0112H         LINE#         190
  C:0115H         LINE#         191
  C:0118H         LINE#         192
  C:011BH         LINE#         193
  C:011EH         LINE#         194
  C:011EH         LINE#         195
  C:012DH         LINE#         196
  C:012DH         LINE#         197
  C:014AH         LINE#         198
  C:0163H         LINE#         199
  C:0187H         LINE#         200
  C:0199H         LINE#         201
  C:019CH         LINE#         202
  C:019FH         LINE#         203
  C:01A7H         LINE#         204
  C:01AAH         LINE#         205
  C:01AAH         LINE#         206
  C:01B2H         LINE#         207
  C:01B2H         LINE#         208
  C:01B5H         LINE#         209
  C:01B8H         LINE#         210
  C:01BBH         LINE#         211
  C:01BEH         LINE#         212
  C:01C1H         LINE#         213
  C:01C4H         LINE#         214
  C:01CCH         LINE#         215
  C:01CFH         LINE#         216
  C:01CFH         LINE#         218
  C:01D5H         LINE#         219
  C:01D5H         LINE#         220
  C:01DDH         LINE#         221
  C:01E0H         LINE#         222
  C:01E3H         LINE#         223
  C:01E6H         LINE#         224
  C:01E9H         LINE#         225
  C:01ECH         LINE#         226
BL51 BANKED LINKER/LOCATER V6.22                                                      04/04/2022  13:03:53  PAGE 11


  C:01EFH         LINE#         227
  C:01F2H         LINE#         228
  C:01F3H         LINE#         229
  C:01F9H         LINE#         230
  C:01F9H         LINE#         231
  C:0200H         LINE#         232
  C:0200H         LINE#         233
  -------         ENDPROC       TABLE_CONVERT
  -------         PROC          L?0080
  -------         ENDPROC       L?0080
  -------         PROC          _HC573
  D:0007H         SYMBOL        n
  D:0005H         SYMBOL        value
  C:0772H         LINE#         235
  C:0772H         LINE#         236
  C:0772H         LINE#         237
  C:0781H         LINE#         238
  C:0781H         LINE#         239
  C:0789H         LINE#         240
  C:0791H         LINE#         241
  C:0799H         LINE#         242
  C:07A6H         LINE#         243
  C:07A6H         LINE#         244
  -------         ENDPROC       _HC573
  -------         PROC          TIMER0INIT
  C:08C5H         LINE#         246
  C:08C5H         LINE#         247
  C:08C5H         LINE#         248
  C:08C8H         LINE#         249
  C:08CBH         LINE#         250
  C:08CEH         LINE#         251
  C:08D1H         LINE#         252
  C:08D3H         LINE#         253
  C:08D5H         LINE#         254
  C:08D7H         LINE#         255
  C:08D9H         LINE#         256
  -------         ENDPROC       TIMER0INIT
  -------         PROC          DELAY10MS
  -------         DO            
  D:0007H         SYMBOL        i
  D:0006H         SYMBOL        j
  -------         ENDDO         
  C:090DH         LINE#         258
  C:090DH         LINE#         259
  C:090DH         LINE#         262
  C:090FH         LINE#         263
  C:0911H         LINE#         265
  C:0911H         LINE#         266
  C:0913H         LINE#         267
  C:0915H         LINE#         268
  -------         ENDPROC       DELAY10MS
  -------         ENDMOD        MAIN

  -------         MODULE        KEY
  C:0000H         SYMBOL        _ICE_DUMMY_
  D:0090H         PUBLIC        P1
  D:00B0H         PUBLIC        P3
BL51 BANKED LINKER/LOCATER V6.22                                                      04/04/2022  13:03:53  PAGE 12


  D:00A8H         PUBLIC        IE
  D:00B8H         PUBLIC        IP
  D:0098H         PUBLIC        SCON
  D:0088H         PUBLIC        TCON
  D:0008H         PUBLIC        cont
  C:0901H         PUBLIC        Keyscanf
  D:0009H         PUBLIC        trg
  C:0201H         PUBLIC        Keyproc
  D:00C8H         PUBLIC        T2CON
  D:00D0H         PUBLIC        PSW
  -------         PROC          KEYSCANF
  -------         DO            
  D:0007H         SYMBOL        readdata
  -------         ENDDO         
  C:0901H         LINE#         11
  C:0901H         LINE#         12
  C:0901H         LINE#         13
  C:0905H         LINE#         14
  C:090AH         LINE#         15
  C:090CH         LINE#         16
  -------         ENDPROC       KEYSCANF
  -------         PROC          KEYPROC
  C:0201H         LINE#         18
  C:0201H         LINE#         19
  C:0201H         LINE#         20
  C:0204H         LINE#         22
  C:0204H         LINE#         23
  C:0204H         LINE#         24
  C:0206H         LINE#         25
  C:0206H         LINE#         27
  C:020BH         LINE#         28
  C:020BH         LINE#         29
  C:020DH         LINE#         30
  C:0214H         LINE#         31
  C:0214H         LINE#         32
  C:0217H         LINE#         33
  C:0219H         LINE#         34
  C:0219H         LINE#         35
  C:0219H         LINE#         37
  C:0221H         LINE#         38
  C:0221H         LINE#         39
  C:0226H         LINE#         40
  C:0226H         LINE#         41
  C:0230H         LINE#         42
  C:0230H         LINE#         43
  C:0239H         LINE#         44
  C:0239H         LINE#         45
  C:0249H         LINE#         46
  C:025CH         LINE#         47
  C:0268H         LINE#         48
  C:0276H         LINE#         49
  C:0286H         LINE#         50
  C:0286H         LINE#         51
  C:0297H         LINE#         52
  C:02A8H         LINE#         53
  C:02B9H         LINE#         54
  C:02CBH         LINE#         55
BL51 BANKED LINKER/LOCATER V6.22                                                      04/04/2022  13:03:53  PAGE 13


  C:02CBH         LINE#         56
  C:02CBH         LINE#         57
  C:02CBH         LINE#         59
  C:02D3H         LINE#         60
  C:02D3H         LINE#         61
  C:02D9H         LINE#         62
  C:02D9H         LINE#         63
  C:02DFH         LINE#         64
  C:02ECH         LINE#         65
  C:02F9H         LINE#         66
  C:0306H         LINE#         67
  C:0311H         LINE#         68
  C:0311H         LINE#         69
  C:031AH         LINE#         70
  C:031AH         LINE#         71
  C:032BH         LINE#         72
  C:033EH         LINE#         73
  C:034AH         LINE#         74
  C:0358H         LINE#         75
  C:0368H         LINE#         76
  C:0368H         LINE#         77
  C:0379H         LINE#         78
  C:038AH         LINE#         79
  C:039BH         LINE#         80
  C:03ADH         LINE#         81
  C:03ADH         LINE#         82
  C:03ADH         LINE#         84
  C:03ADH         LINE#         86
  C:03B2H         LINE#         87
  C:03B2H         LINE#         88
  C:03B4H         LINE#         89
  C:03B5H         LINE#         91
  C:03B5H         LINE#         92
  C:03B7H         LINE#         93
  C:03B7H         LINE#         95
  -------         ENDPROC       KEYPROC
  -------         ENDMOD        KEY

  -------         MODULE        ?C?UIDIV
  C:0716H         PUBLIC        ?C?UIDIV
  -------         ENDMOD        ?C?UIDIV

Program Size: data=98.3 xdata=0 code=2318
LINK/LOCATE RUN COMPLETE.  0 WARNING(S),  0 ERROR(S)
