C51 COMPILER V9.00   KEY                                                                   06/16/2022 08:54:44 PAGE 1   


C51 COMPILER V9.00, COMPILATION OF MODULE KEY
OBJECT MODULE PLACED IN key.OBJ
COMPILER INVOKED BY: D:\Keil4\C51\BIN\C51.EXE key.c BROWSE DEBUG OBJECTEXTEND

line level    source

   1          #include"key.h"
   2          
   3          extern u8 trg,cont;
   4          extern u8 face_mode,temp_par;
   5          extern bit work_flag,time_flag;
   6          
   7          void Keyscanf()
   8          {
   9   1              u8 readdata;             //setkbd和getkbd放在key.h里面了，功能是检测和获取键值
  10   1              setkbd(0xf0);
  11   1              readdata = getkbd;
  12   1              setkbd(0x0f);   
  13   1              readdata = (readdata | getkbd) ^ 0xff;
  14   1              trg = readdata & (readdata ^ cont);
  15   1              cont = readdata;
  16   1      }
  17          
  18          void Keyproc()
  19          {
  20   1              Keyscanf();
  21   1              if(trg == 0x28)  //s12  界面切换
  22   1              {
  23   2                       face_mode++;
  24   2                       if(face_mode >= 3)face_mode = 0; 
  25   2              }
  26   1      
  27   1              if(trg == 0x24)  //s13  工作模式切换
  28   1              {
  29   2                      work_flag = ~work_flag; 
  30   2              }
  31   1      
  32   1              if(trg == 0x18)  //s16 温度参数++
  33   1              {
  34   2                      if(face_mode == 2)temp_par++;
  35   2                      if(temp_par >= 100)temp_par = 99;
  36   2              }
  37   1      
  38   1              if(trg == 0x14) //s17 温度参数--
  39   1              {
  40   2                      if(face_mode == 2)temp_par--;
  41   2                      if(temp_par <= 9)temp_par = 10;
  42   2              }
  43   1      
  44   1              if(cont == 0x14)         //切换时间
  45   1              {
  46   2                      if(face_mode == 1)time_flag = 1;
  47   2              }
  48   1              else
  49   1              {
  50   2                      if(face_mode == 1)time_flag = 0;
  51   2              }
  52   1      } 


MODULE INFORMATION:   STATIC OVERLAYABLE
C51 COMPILER V9.00   KEY                                                                   06/16/2022 08:54:44 PAGE 2   

   CODE SIZE        =    164    ----
   CONSTANT SIZE    =   ----    ----
   XDATA SIZE       =   ----    ----
   PDATA SIZE       =   ----    ----
   DATA SIZE        =   ----    ----
   IDATA SIZE       =   ----    ----
   BIT SIZE         =   ----    ----
END OF MODULE INFORMATION.


C51 COMPILATION COMPLETE.  0 WARNING(S),  0 ERROR(S)
